// Jest Snapshot v1, https://goo.gl/fbAQLP

exports[`<Registration /> Renders and matches snapshot 1`] = `
<div>
  <form
    class="Form-sc-1xszr8q-0 fDBzbp"
    method="POST"
  >
    <h2>
      Register a new Account
    </h2>
    <fieldset>
      <label
        for="name"
      >
        Name
        <input
          autocomplete="name"
          name="name"
          placeholder="Your name"
          type="name"
          value=""
        />
      </label>
      <label
        for="email"
      >
        Email
        <input
          autocomplete="email"
          name="email"
          placeholder="Your email adress"
          type="email"
          value=""
        />
      </label>
      <label
        for="password"
      >
        Password
        <input
          autocomplete="password"
          name="password"
          placeholder="Password"
          type="password"
          value=""
        />
      </label>
      <button
        type="submit"
      >
        Register!
      </button>
    </fieldset>
  </form>
</div>
`;
